// Jest Snapshot v1, https://goo.gl/fbAQLP

exports[`Pruebas en Navbar Deberia mostrarse correctamente 1`] = `
<nav
  className="navbar navbar-expand-sm navbar-dark bg-dark"
>
  <a
    className="navbar-brand"
    href="/"
    onClick={[Function]}
  >
    14 Secci√≥n
  </a>
  <div
    className="collapse navbar-collapse"
    id="navbarNavAltMarkup"
  >
    <div
      className="navbar-nav"
    >
      <a
        activeclassname="active"
        aria-current="page"
        className="nav-item nav-link active"
        exact="true"
        href="/"
        onClick={[Function]}
      >
        Home
      </a>
      <a
        activeclassname="active"
        className="nav-item nav-link"
        exact="true"
        href="/marvel"
        onClick={[Function]}
      >
        Marvel
      </a>
      <a
        activeclassname="active"
        className="nav-item nav-link"
        exact="true"
        href="/dc"
        onClick={[Function]}
      >
        Dc
      </a>
      <a
        activeclassname="active"
        className="nav-item nav-link"
        exact="true"
        href="/search"
        onClick={[Function]}
      >
        Search
      </a>
    </div>
  </div>
  <div
    className="navbar-collapse collapse w-100 order-3 dual-collapse2"
  >
    <ul
      className="navbar-nav ml-auto"
    >
      <p
        className="nav-item nav-link text-info"
      >
        Joaquin
      </p>
      <button
        className="nav-item nav-link btn"
        onClick={[Function]}
      >
        Logout
      </button>
    </ul>
  </div>
</nav>
`;
