// Jest Snapshot v1, https://goo.gl/fbAQLP

exports[`Pruebas sobre RegisterScreen Deberia estar todo Ok 1`] = `
Array [
  <h3
    className="auth__title"
  >
    LoginScreen
  </h3>,
  <form
    className="animate__animated animate__fadeIn animate__faster"
    onSubmit={[Function]}
  >
    <input
      className="auth__input"
      name="name"
      onChange={[Function]}
      placeholder="Name"
      type="text"
      value="Joaquin"
    />
    <input
      className="auth__input"
      name="email"
      onChange={[Function]}
      placeholder="Email"
      type="text"
      value="joaquin@gmail.com"
    />
    <input
      autoComplete="off"
      className="auth__input"
      name="password"
      onChange={[Function]}
      placeholder="Password"
      type="pasword"
      value="123456"
    />
    <input
      autoComplete="off"
      className="auth__input"
      name="password2"
      onChange={[Function]}
      placeholder="Confirm"
      type="pasword"
      value="123456"
    />
    <button
      className="btn btn-primary btn-block mb-5"
      disabled={false}
      type="submit"
    >
      Register
    </button>
    <a
      className="link mt-5"
      href="/auth/login"
      onClick={[Function]}
    >
      All Ready Register?
    </a>
  </form>,
]
`;
