// Jest Snapshot v1, https://goo.gl/fbAQLP

exports[`Pruebas sobre <GifGridItem /> Pruebas sobre <GifGridItem /> 1`] = `
<div
  className="card animate__animated animate__fadeIn"
>
  <img
    alt="Pruebas sobre"
    src="https://localhost/algo.jpg"
  />
  <p>
    Pruebas sobre
  </p>
</div>
`;
